[smkm1surabaya.sch.id/index.html]
[backblue.gif]
[fade.gif]
[index.html]
[smkm1surabaya.sch.id/wp-content/plugins/shiftnav-responsive-mobile-menu/assets/css/fontawesome/fonts/fontawesome-webfont.eot]
[smkm1surabaya.sch.id/feed/index.html]
[smkm1surabaya.sch.id/wp-content/plugins/elementor/assets/lib/font-awesome/webfonts/fa-solid-900.eot]
[smkm1surabaya.sch.id/wp-content/plugins/elementor/assets/lib/font-awesome/webfonts/fa-regular-400.eot]
[smkm1surabaya.sch.id/wp-content/plugins/elementor/assets/lib/font-awesome/webfonts/fa-brands-400.eot]
[smkm1surabaya.sch.id/wp-content/cache/wpo-minify/1629315572/assets/wpo-minify-header-ba1012a0.min.js]
[smkm1surabaya.sch.id/comments/feed/index.html]
[smkm1surabaya.sch.id/wp-json/index.html]
[smkm1surabaya.sch.id/wp-json/wp/v2/pages/952.json]
[smkm1surabaya.sch.id/xmlrpc0db0.php]
[smkm1surabaya.sch.id/wp-includes/wlwmanifest.xml]
[smkm1surabaya.sch.id/wp-json/oembed/1.0/embed5dbc.json]
[smkm1surabaya.sch.id/wp-json/oembed/1.0/embed2727]
[smkm1surabaya.sch.id/wp-content/uploads/2019/06/smkm1500px-1-36x36.jpg]
[smkm1surabaya.sch.id/wp-content/uploads/2019/06/smkm1500px-1-300x300.jpg]
[smkm1surabaya.sch.id/wp-content/uploads/2019/06/smkm1500px-1-180x180.jpg]
[smkm1surabaya.sch.id/wp-content/uploads/2021/07/Logo-Berdua-uda-fix-dikecilin-lagi-1000x500-1-1-768x384.png]
[smkm1surabaya.sch.id/wp-content/uploads/elementor/thumbs/WhatsApp-Image-2017-11-19-at-17.51.23-ni1i5q177eqadpwt3r193qwj63n1ceflnag2cnpqy4.jpg]
[smkm1surabaya.sch.id/wp-content/uploads/elementor/thumbs/BAL_8823-scaled-p9i9ixqywztuw9njxryo3cgpv6wgeeb81aw2ffr8oo.jpg]
[smkm1surabaya.sch.id/wp-content/uploads/elementor/thumbs/BAL_8986-scaled-p9i9mp3q94z5c46xzegy2eb3eodb6t8kjwtzja6jso.jpg]
[smkm1surabaya.sch.id/wp-content/uploads/2021/07/Bu-Reny-1030x1030.jpg]
[smkm1surabaya.sch.id/data-alumni-smk-muhammadiyah-1-surabaya/index.html]
[smkm1surabaya.sch.id/wp-content/uploads/2021/07/its500px2.png]
[smkm1surabaya.sch.id/wp-content/uploads/2021/07/unesa500px.png]
[smkm1surabaya.sch.id/wp-content/uploads/2019/06/STI-500px.jpg]
[smkm1surabaya.sch.id/smk-mutu-surabaya-lakukan-workshop-sinkronisasi-kurikulum-dengan-iduka/index.html]
[smkm1surabaya.sch.id/wp-content/uploads/2021/07/umsby500px.png]
[smkm1surabaya.sch.id/door-county-wisconsin-schoner-urlaub-fur-weinliebhaber-paare-im-innerhalb-innerhalb-innerhalb-wahrend-fur-in-in-das-aus-dem-wenn-sie-den-mittleren-westen-betrachten/index.html]
[smkm1surabaya.sch.id/wp-content/uploads/2021/07/itats.png]
[smkm1surabaya.sch.id/wp-content/uploads/2021/07/bukopinsyariah500px.png]
[smkm1surabaya.sch.id/wp-content/uploads/2021/07/banksyariah500px.png]
[smkm1surabaya.sch.id/wp-content/uploads/2021/07/bankjatimsyariah500px.png]
[smkm1surabaya.sch.id/wp-content/uploads/2019/06/samsung500px.jpg]
[smkm1surabaya.sch.id/wp-content/uploads/2019/06/smk-500px.jpg]
[smkm1surabaya.sch.id/meetville-aggiornato-iphone-ipad-applicazione/index.html]
[smkm1surabaya.sch.id/wp-content/uploads/2021/07/vokasi500.jpg]
[smkm1surabaya.sch.id/wp-content/uploads/elementor/thumbs/titi-pat94f2vtz67q46vbkpcpk5rgmgq029ok3wu5cz1j4.jpg]
[smkm1surabaya.sch.id/wp-content/uploads/elementor/thumbs/lilo-pat96y988wn10aifj645xf5h2zzbqpbn8n6xp77urk.jpg]
[smkm1surabaya.sch.id/wp-content/cache/wpo-minify/1629315572/assets/wpo-minify-footer-41024680.min.js]
[smkm1surabaya.sch.id/wp-content/cache/wpo-minify/1629315572/assets/wpo-minify-footer-00440e2f.min.js]
[smkm1surabaya.sch.id/wp-content/plugins/litespeed-cache/assets/js/lazyload.min.js]
[smkm1surabaya.sch.id/index.html]
[smkm1surabaya.sch.id/wp-content/plugins/chaty/images/whatsapp.png]
[smkm1surabaya.sch.id/wp-content/plugins/wp-social-widget/assets/fonts/socialicon.eot]
[smkm1surabaya.sch.id/membanggakan-siswa-smk-muhammadiyah-1-surabaya-raih-juara-lomba-video-kreatif/index.html]
[smkm1surabaya.sch.id/wp-content/plugins/elementor/assets/lib/eicons/fonts/eicons.eot]
[smkm1surabaya.sch.id/wp-content/plugins/elementor/assets/lib/eicons/fonts/eicons0b93.eot]
[smkm1surabaya.sch.id/wp-content/cache/wpo-minify/1629315572/assets/wpo-minify-header-5f30607c.min.css]
[smkm1surabaya.sch.id/jelang-tatap-muka-smk-muhammadiyah-1-surabaya-lakukan-vaksinasi-dosis-1-dari-puskesmas-tambak-rejo/index.html]
[smkm1surabaya.sch.id/wp-json/wp/v2/pages/1528.json]
[smkm1surabaya.sch.id/wp-json/oembed/1.0/embed76eb.json]
[smkm1surabaya.sch.id/wp-json/oembed/1.0/embed66aa]
[smkm1surabaya.sch.id/wp-content/plugins/ninja-tables/assets/fonts/ninja-tablese7f9.woff2]
[smkm1surabaya.sch.id/wp-content/cache/wpo-minify/1629315572/assets/wpo-minify-footer-2b754961.min.js]
[smkm1surabaya.sch.id/data-alumni-smk-muhammadiyah-1-surabaya/index.html]
[smkm1surabaya.sch.id/tkj-samsung-tech-insitute/index.html]
[smkm1surabaya.sch.id/wp-json/wp/v2/posts/1774.json]
[smkm1surabaya.sch.id/meetville-aggiornato-iphone-ipad-applicazione/feed/index.html]
[smkm1surabaya.sch.id/wp-json/oembed/1.0/embed4da8.json]
[smkm1surabaya.sch.id/wp-json/oembed/1.0/embedadbd]
[smkm1surabaya.sch.id/wp-content/cache/wpo-minify/1629315572/assets/wpo-minify-footer-990911db.min.js]
[smkm1surabaya.sch.id/meetville-aggiornato-iphone-ipad-applicazione/index.html]
[smkm1surabaya.sch.id/contact-us/index.html]
[smkm1surabaya.sch.id/wp-json/wp/v2/posts/1769.json]
[smkm1surabaya.sch.id/smk-mutu-surabaya-lakukan-workshop-sinkronisasi-kurikulum-dengan-iduka/feed/index.html]
[smkm1surabaya.sch.id/author/smkm1sby/index.html]
[smkm1surabaya.sch.id/category/pemberitahuan/index.html]
[smkm1surabaya.sch.id/wp-json/oembed/1.0/embedec13.json]
[smkm1surabaya.sch.id/wp-json/oembed/1.0/embedd3ee]
[smkm1surabaya.sch.id/wp-content/uploads/2021/10/WhatsApp-Image-2021-10-05-at-09.00.17.jpg]
[smkm1surabaya.sch.id/wp-content/uploads/2021/10/WhatsApp-Image-2021-10-05-at-09.00.17-1030x500.jpg]
[smkm1surabaya.sch.id/wp-content/uploads/2021/10/WhatsApp-Image-2021-10-05-at-08.56.21.jpg]
[smkm1surabaya.sch.id/wp-content/uploads/2021/10/WhatsApp-Image-2021-10-05-at-08.56.21-1030x579.jpg]
[smkm1surabaya.sch.id/wp-content/uploads/2021/10/WhatsApp-Image-2021-10-05-at-14.27.42.jpg]
[smkm1surabaya.sch.id/wp-content/uploads/2021/10/WhatsApp-Image-2021-10-05-at-14.27.42-1030x500.jpg]
[smkm1surabaya.sch.id/wp-loginb507.html]
[smkm1surabaya.sch.id/wp-content/cache/wpo-minify/1629315572/assets/wpo-minify-footer-aaec1727.min.js]
[smkm1surabaya.sch.id/smk-mutu-surabaya-lakukan-workshop-sinkronisasi-kurikulum-dengan-iduka/index.html]
[smkm1surabaya.sch.id/wp-json/wp/v2/posts/1766.json]
[smkm1surabaya.sch.id/door-county-wisconsin-schoner-urlaub-fur-weinliebhaber-paare-im-innerhalb-innerhalb-innerhalb-wahrend-fur-in-in-das-aus-dem-wenn-sie-den-mittleren-westen-betrachten/feed/index.html]
[smkm1surabaya.sch.id/wp-json/oembed/1.0/embedfcb6.json]
[smkm1surabaya.sch.id/wp-json/oembed/1.0/embed6a9b]
[smkm1surabaya.sch.id/door-county-wisconsin-schoner-urlaub-fur-weinliebhaber-paare-im-innerhalb-innerhalb-innerhalb-wahrend-fur-in-in-das-aus-dem-wenn-sie-den-mittleren-westen-betrachten/index.html]
[smkm1surabaya.sch.id/wp-json/wp/v2/posts/1762.json]
[smkm1surabaya.sch.id/membanggakan-siswa-smk-muhammadiyah-1-surabaya-raih-juara-lomba-video-kreatif/feed/index.html]
[smkm1surabaya.sch.id/wp-json/oembed/1.0/embedbf90.json]
[smkm1surabaya.sch.id/wp-json/oembed/1.0/embed2ba6]
[smkm1surabaya.sch.id/wp-content/uploads/2021/09/WhatsApp-Image-2021-09-11-at-10.50.39.jpg]
[smkm1surabaya.sch.id/wp-login09bf.html]
[smkm1surabaya.sch.id/membanggakan-siswa-smk-muhammadiyah-1-surabaya-raih-juara-lomba-video-kreatif/index.html]
[smkm1surabaya.sch.id/wp-json/wp/v2/posts/1750.json]
[smkm1surabaya.sch.id/jelang-tatap-muka-smk-muhammadiyah-1-surabaya-lakukan-vaksinasi-dosis-1-dari-puskesmas-tambak-rejo/feed/index.html]
[smkm1surabaya.sch.id/wp-json/oembed/1.0/embed4530.json]
[smkm1surabaya.sch.id/wp-json/oembed/1.0/embede367]
[smkm1surabaya.sch.id/wp-content/uploads/2021/09/WhatsApp-Image-2021-09-09-at-21.59.38.jpg]
[smkm1surabaya.sch.id/wp-content/uploads/2021/09/WhatsApp-Image-2021-09-09-at-21.59.38-1030x579.jpg]
[smkm1surabaya.sch.id/wp-logina894.html]
[smkm1surabaya.sch.id/jelang-tatap-muka-smk-muhammadiyah-1-surabaya-lakukan-vaksinasi-dosis-1-dari-puskesmas-tambak-rejo/index.html]
[smkm1surabaya.sch.id/wp-content/cache/wpo-minify/1629315572/assets/wpo-minify-footer-46ad0d69.min.css]
[smkm1surabaya.sch.id/wp-content/cache/wpo-minify/1629315572/assets/wpo-minify-header-cb4b6657.min.css]
[smkm1surabaya.sch.id/index26e4.html]
[smkm1surabaya.sch.id/wp-content/cache/wpo-minify/1629315572/assets/wpo-minify-header-cfd9525d.min.css]
[smkm1surabaya.sch.id/indexae00.html]
[smkm1surabaya.sch.id/xmlrpc.php]
[smkm1surabaya.sch.id/smk-muhammadiyah-1-surabaya-gandeng-its-kembangkan-kualitas-alat-praktek-terstandarisasi-industri/index.html]
[smkm1surabaya.sch.id/wp-json/wp/v2/pages/366.json]
[smkm1surabaya.sch.id/wp-json/oembed/1.0/embedbfc2.json]
[smkm1surabaya.sch.id/wp-json/oembed/1.0/embed9174]
[smkm1surabaya.sch.id/contact-us/index.html]
[smkm1surabaya.sch.id/wp-json/wp/v2/categories/1.json]
[smkm1surabaya.sch.id/category/pemberitahuan/index.html]
[smkm1surabaya.sch.id/category/pemberitahuan/page/2/index.html]
[smkm1surabaya.sch.id/category/pemberitahuan/feed/index.html]
[smkm1surabaya.sch.id/ikutkan-kader-wirausaha-millenial-dalam-training-wirausaha-smk-di-era-new-normal-smk-muhammadiyah-1-surabaya-dapat-manfaat-istimewa/index.html]
[smkm1surabaya.sch.id/kader-wirausaha-muda-smk-mutu-surabaya-lakukan-upgrading-di-seminar-nasional-kewirausahaan/index.html]
[smkm1surabaya.sch.id/wp-json/wp/v2/users/1.json]
[smkm1surabaya.sch.id/author/smkm1sby/index.html]
[smkm1surabaya.sch.id/category/pemberitahuan/page/7/index.html]
[smkm1surabaya.sch.id/berantas-buta-huruf-quran-ismuba-smk-mutu-surabaya-mou-dengan-tim-tadjid-pwm-jawa-timur/index.html]
[smkm1surabaya.sch.id/smk-mutu-surabaya-teken-mou-dengan-22-perusahan-ternama/index.html]
[smkm1surabaya.sch.id/wp-content/cache/wpo-minify/1629315572/assets/wpo-minify-header-d0f15267.min.css]
[smkm1surabaya.sch.id/indexb4f0.html]
[smkm1surabaya.sch.id/author/smkm1sby/page/2/index.html]
[smkm1surabaya.sch.id/author/smkm1sby/feed/index.html]
[smkm1surabaya.sch.id/author/smkm1sby/page/7/index.html]
[smkm1surabaya.sch.id/wp-loginc2b6.html]
[smkm1surabaya.sch.id/wp-content/plugins/wp-power-stats/wp-power-stats.js]
[smkm1surabaya.sch.id/wp-includes/js/jquery/jquery.min9d52.js]
[smkm1surabaya.sch.id/wp-includes/js/jquery/jquery-migrate.mind617.js]
[smkm1surabaya.sch.id/wp-includes/js/zxcvbn-async.min5152.js]
[smkm1surabaya.sch.id/wp-includes/js/dist/vendor/wp-polyfill.min89b1.js]
[smkm1surabaya.sch.id/wp-includes/js/dist/vendor/wp-polyfill-fetch.min6e0e.js]
[smkm1surabaya.sch.id/wp-includes/js/dist/vendor/wp-polyfill-node-contains.min2e00.js]
[smkm1surabaya.sch.id/wp-includes/js/dist/vendor/wp-polyfill-dom-rect.min2e00.js]
[smkm1surabaya.sch.id/wp-includes/js/dist/vendor/wp-polyfill-url.min5aed.js]
[smkm1surabaya.sch.id/wp-includes/js/dist/vendor/wp-polyfill-formdata.mine9bd.js]
[smkm1surabaya.sch.id/wp-includes/js/dist/vendor/wp-polyfill-element-closest.min4c56.js]
[smkm1surabaya.sch.id/wp-includes/js/dist/vendor/wp-polyfill-object-fit.min531b.js]
[smkm1surabaya.sch.id/wp-includes/js/dist/hooks.minc5c2.js]
[smkm1surabaya.sch.id/wp-includes/js/dist/i18n.min802d.js]
[smkm1surabaya.sch.id/wp-includes/js/underscore.min4511.js]
[smkm1surabaya.sch.id/wp-includes/js/wp-util.min76f3.js]
[smkm1surabaya.sch.id/wp-loginb507.html]
[smkm1surabaya.sch.id/indexf770.html]
[smkm1surabaya.sch.id/indexd108.html]
[smkm1surabaya.sch.id/wp-login09bf.html]
[smkm1surabaya.sch.id/index3790.html]
[smkm1surabaya.sch.id/smk-muhammadiyah-1-surabaya-gandeng-its-kembangkan-kualitas-alat-praktek-terstandarisasi-industri/feed/index.html]
[smkm1surabaya.sch.id/wp-json/wp/v2/posts/1745.json]
[smkm1surabaya.sch.id/wp-json/oembed/1.0/embedb2ab.json]
[smkm1surabaya.sch.id/wp-json/oembed/1.0/embedcf34]
[smkm1surabaya.sch.id/wp-content/uploads/2021/09/WhatsApp-Image-2021-09-03-at-09.27.54-1.jpg]
[smkm1surabaya.sch.id/wp-content/uploads/2021/09/WhatsApp-Image-2021-09-03-at-09.27.54-1-1030x580.jpg]
[smkm1surabaya.sch.id/wp-login86ab.html]
[smkm1surabaya.sch.id/smk-muhammadiyah-1-surabaya-gandeng-its-kembangkan-kualitas-alat-praktek-terstandarisasi-industri/index.html]
[smkm1surabaya.sch.id/wp-logina894.html]
[smkm1surabaya.sch.id/index7aa0.html]
[smkm1surabaya.sch.id/category/pemberitahuan/page/2/index.html]
[smkm1surabaya.sch.id/wp-content/cache/wpo-minify/1629315572/assets/wpo-minify-header-d49a52a1.min.css]
[smkm1surabaya.sch.id/wp-json/wp/v2/posts/1741.json]
[smkm1surabaya.sch.id/ikutkan-kader-wirausaha-millenial-dalam-training-wirausaha-smk-di-era-new-normal-smk-muhammadiyah-1-surabaya-dapat-manfaat-istimewa/feed/index.html]
[smkm1surabaya.sch.id/wp-json/oembed/1.0/embed734f.json]
[smkm1surabaya.sch.id/wp-json/oembed/1.0/embed1b08]
[smkm1surabaya.sch.id/wp-content/uploads/2021/09/WhatsApp-Image-2021-09-02-at-11.25.39.jpg]
[smkm1surabaya.sch.id/wp-content/uploads/2021/09/WhatsApp-Image-2021-09-02-at-11.25.39-1030x579.jpg]
[smkm1surabaya.sch.id/wp-login7ec4.html]
[smkm1surabaya.sch.id/ikutkan-kader-wirausaha-millenial-dalam-training-wirausaha-smk-di-era-new-normal-smk-muhammadiyah-1-surabaya-dapat-manfaat-istimewa/index.html]
[smkm1surabaya.sch.id/wp-json/wp/v2/posts/1736.json]
[smkm1surabaya.sch.id/kader-wirausaha-muda-smk-mutu-surabaya-lakukan-upgrading-di-seminar-nasional-kewirausahaan/feed/index.html]
[smkm1surabaya.sch.id/wp-json/oembed/1.0/embed655f.json]
[smkm1surabaya.sch.id/wp-json/oembed/1.0/embed6271]
[smkm1surabaya.sch.id/wp-content/uploads/2021/08/WhatsApp-Image-2021-08-29-at-23.28.24.jpg]
[smkm1surabaya.sch.id/wp-content/uploads/2021/08/WhatsApp-Image-2021-08-29-at-23.28.24-1030x579.jpg]
[smkm1surabaya.sch.id/wp-login69fe.html]
[smkm1surabaya.sch.id/kader-wirausaha-muda-smk-mutu-surabaya-lakukan-upgrading-di-seminar-nasional-kewirausahaan/index.html]
[smkm1surabaya.sch.id/wp-json/wp/v2/posts/1733.json]
[smkm1surabaya.sch.id/smk-mutu-surabaya-teken-mou-dengan-22-perusahan-ternama/feed/index.html]
[smkm1surabaya.sch.id/wp-json/oembed/1.0/embed4e5e.json]
[smkm1surabaya.sch.id/wp-json/oembed/1.0/embedfabe]
[smkm1surabaya.sch.id/wp-content/uploads/2021/08/WhatsApp-Image-2021-08-28-at-18.29.18.jpg]
[smkm1surabaya.sch.id/wp-content/uploads/2021/08/WhatsApp-Image-2021-08-28-at-18.29.18-1030x489.jpg]
[smkm1surabaya.sch.id/wp-logined18.html]
[smkm1surabaya.sch.id/smk-mutu-surabaya-teken-mou-dengan-22-perusahan-ternama/index.html]
[smkm1surabaya.sch.id/wp-json/wp/v2/posts/1730.json]
[smkm1surabaya.sch.id/berantas-buta-huruf-quran-ismuba-smk-mutu-surabaya-mou-dengan-tim-tadjid-pwm-jawa-timur/feed/index.html]
[smkm1surabaya.sch.id/wp-json/oembed/1.0/embedd08c.json]
[smkm1surabaya.sch.id/wp-json/oembed/1.0/embed8f1e]
[smkm1surabaya.sch.id/wp-content/uploads/2021/08/WhatsApp-Image-2021-08-29-at-19.34.52.jpg]
[smkm1surabaya.sch.id/wp-content/uploads/2021/08/WhatsApp-Image-2021-08-29-at-19.34.52-1030x579.jpg]
[smkm1surabaya.sch.id/wp-login9ae5.html]
[smkm1surabaya.sch.id/berantas-buta-huruf-quran-ismuba-smk-mutu-surabaya-mou-dengan-tim-tadjid-pwm-jawa-timur/index.html]
[smkm1surabaya.sch.id/category/pemberitahuan/page/7/index.html]
[smkm1surabaya.sch.id/author/smkm1sby/page/2/index.html]
[smkm1surabaya.sch.id/wp-content/cache/wpo-minify/1629315572/assets/wpo-minify-header-cf8552b8.min.css]
[smkm1surabaya.sch.id/author/smkm1sby/page/7/index.html]
[smkm1surabaya.sch.id/wp-includes/fonts/dashicons7d4b.eot]
[smkm1surabaya.sch.id/smk-mutu-surabaya-ikutkan-siswa-di-webinar-pendidikan-milenial-anti-narkoba-sekaligus-bentuk-kader-anti-narkoba/index.html]
[smkm1surabaya.sch.id/wp-includes/fonts/dashicons7d4b.ttf]
[smkm1surabaya.sch.id/wp-includes/css/dashicons.min76f3.css]
[smkm1surabaya.sch.id/wp-includes/css/buttons.min76f3.css]
[smkm1surabaya.sch.id/wp-login.html]
[smkm1surabaya.sch.id/wp-loginc2b6.html]
[smkm1surabaya.sch.id/index3fc1.html]
[smkm1surabaya.sch.id/wp-login86ab.html]
[smkm1surabaya.sch.id/indexef83.html]
[smkm1surabaya.sch.id/wp-login7ec4.html]
[smkm1surabaya.sch.id/indexb4b6.html]
[smkm1surabaya.sch.id/wp-login69fe.html]
[smkm1surabaya.sch.id/indexf94f.html]
[smkm1surabaya.sch.id/wp-logined18.html]
[smkm1surabaya.sch.id/index7418.html]
[smkm1surabaya.sch.id/wp-json/wp/v2/posts/1726.json]
[smkm1surabaya.sch.id/smk-mutu-surabaya-ikutkan-siswa-di-webinar-pendidikan-milenial-anti-narkoba-sekaligus-bentuk-kader-anti-narkoba/feed/index.html]
[smkm1surabaya.sch.id/wp-json/oembed/1.0/embed6b4d.json]
[smkm1surabaya.sch.id/wp-json/oembed/1.0/embed3462]
[smkm1surabaya.sch.id/wp-content/uploads/2021/08/WhatsApp-Image-2021-08-25-at-14.21.59.jpg]
[smkm1surabaya.sch.id/wp-content/uploads/2021/08/WhatsApp-Image-2021-08-25-at-14.21.59-1030x579.jpg]
[smkm1surabaya.sch.id/smk-muhammadiyah-1-surabaya-lakukan-pemetaan-bakat-dan-minat-siswa/index.html]
[smkm1surabaya.sch.id/wp-login7356.html]
[smkm1surabaya.sch.id/smk-mutu-surabaya-ikutkan-siswa-di-webinar-pendidikan-milenial-anti-narkoba-sekaligus-bentuk-kader-anti-narkoba/index.html]
[smkm1surabaya.sch.id/wp-login9ae5.html]
[smkm1surabaya.sch.id/wp-login.html]
[smkm1surabaya.sch.id/index41d8.html]
[smkm1surabaya.sch.id/wp-json/wp/v2/posts/1722.json]
[smkm1surabaya.sch.id/smk-muhammadiyah-1-surabaya-lakukan-pemetaan-bakat-dan-minat-siswa/feed/index.html]
[smkm1surabaya.sch.id/wp-json/oembed/1.0/embed5405.json]
[smkm1surabaya.sch.id/wp-json/oembed/1.0/embed8976]
[smkm1surabaya.sch.id/wp-content/uploads/2021/08/WhatsApp-Image-2021-08-24-at-07.03.27.jpg]
[smkm1surabaya.sch.id/wp-logine8a6.html]
[smkm1surabaya.sch.id/smk-muhammadiyah-1-surabaya-lakukan-pemetaan-bakat-dan-minat-siswa/index.html]
[smkm1surabaya.sch.id/wp-login7356.html]
[smkm1surabaya.sch.id/index195e.html]
[smkm1surabaya.sch.id/wujud-sekolah-keunggulan-smkm1-surabaya-bangun-gedung-teaching-factory-berstandar-industri/index.html]
[smkm1surabaya.sch.id/wp-json/wp/v2/posts/1718.json]
[smkm1surabaya.sch.id/wujud-sekolah-keunggulan-smkm1-surabaya-bangun-gedung-teaching-factory-berstandar-industri/feed/index.html]
[smkm1surabaya.sch.id/wp-json/oembed/1.0/embed308f.json]
[smkm1surabaya.sch.id/wp-json/oembed/1.0/embede268]
[smkm1surabaya.sch.id/wp-content/uploads/2021/08/WhatsApp-Image-2021-08-21-at-22.06.21.jpg]
[smkm1surabaya.sch.id/wp-logine896.html]
[smkm1surabaya.sch.id/wujud-sekolah-keunggulan-smkm1-surabaya-bangun-gedung-teaching-factory-berstandar-industri/index.html]
[smkm1surabaya.sch.id/wp-logine8a6.html]
[smkm1surabaya.sch.id/indexb833.html]
[smkm1surabaya.sch.id/tim-ismuba-smk-mutu-surabaya-lakukan-diagnosa-baca-tulis-al-quran-siswa-baru/index.html]
[smkm1surabaya.sch.id/wp-json/wp/v2/posts/1714.json]
[smkm1surabaya.sch.id/tim-ismuba-smk-mutu-surabaya-lakukan-diagnosa-baca-tulis-al-quran-siswa-baru/feed/index.html]
[smkm1surabaya.sch.id/wp-json/oembed/1.0/embed0090.json]
[smkm1surabaya.sch.id/wp-json/oembed/1.0/embedcedf]
[smkm1surabaya.sch.id/wp-content/uploads/2021/08/WhatsApp-Image-2021-08-23-at-14.34.02.jpg]
[smkm1surabaya.sch.id/semarakkan-hut-ri-76-tahun-smk-muhammadiyah-1-surabaya-adakan-lomba-kemerdekaan-secara-virtual/index.html]
[smkm1surabaya.sch.id/wp-login2294.html]
[smkm1surabaya.sch.id/tim-ismuba-smk-mutu-surabaya-lakukan-diagnosa-baca-tulis-al-quran-siswa-baru/index.html]
[smkm1surabaya.sch.id/wp-logine896.html]
[smkm1surabaya.sch.id/index26b1.html]
[smkm1surabaya.sch.id/wp-json/wp/v2/posts/1710.json]
[smkm1surabaya.sch.id/semarakkan-hut-ri-76-tahun-smk-muhammadiyah-1-surabaya-adakan-lomba-kemerdekaan-secara-virtual/feed/index.html]
[smkm1surabaya.sch.id/wp-json/oembed/1.0/embed5a5e.json]
[smkm1surabaya.sch.id/wp-json/oembed/1.0/embed9c3c]
[smkm1surabaya.sch.id/wp-content/uploads/2021/08/WhatsApp-Image-2021-08-24-at-09.06.27.jpg]
[smkm1surabaya.sch.id/wp-content/uploads/2021/08/WhatsApp-Image-2021-08-24-at-09.06.27-1030x579.jpg]
[smkm1surabaya.sch.id/dkv-smk-mutu-surabaya-jalin-kerjasama-dengan-produsen-animasi-ternama-di-kota-pahlawan/index.html]
[smkm1surabaya.sch.id/wp-logince3f.html]
[smkm1surabaya.sch.id/semarakkan-hut-ri-76-tahun-smk-muhammadiyah-1-surabaya-adakan-lomba-kemerdekaan-secara-virtual/index.html]
[smkm1surabaya.sch.id/wp-login2294.html]
[smkm1surabaya.sch.id/index8229.html]
[smkm1surabaya.sch.id/dkv-smk-mutu-surabaya-jalin-kerjasama-dengan-produsen-animasi-ternama-di-kota-pahlawan/index.html]
[smkm1surabaya.sch.id/wp-logince3f.html]
